2026/01/10 07:45:55 SNAPSHOT: loaded ./data/graph_snapshot.json (nodes=2466 edges=3793 saved_at=2026-01-10T12:45:37Z)
2026/01/10 07:45:55 SNAPSHOT: loaded from backup ./data/graph_snapshot.json.bak
2026/01/10 07:45:55 ingest listening on :8080
2026/01/10 07:46:00 SNAPSHOT: saved (nodes=2466 edges=3793) -> ./data/graph_snapshot.json
2026/01/10 07:46:05 SNAPSHOT: saved (nodes=2466 edges=3793) -> ./data/graph_snapshot.json
2026/01/10 07:46:10 SNAPSHOT: saved (nodes=2466 edges=3793) -> ./data/graph_snapshot.json
nodes: 2466 edges: 3793
2026/01/10 07:46:15 SNAPSHOT: saved (nodes=2466 edges=3793) -> ./data/graph_snapshot.json
nodes: 2466 edges: 3793
2026/01/10 07:46:20 SNAPSHOT: saved (nodes=2466 edges=3793) -> ./data/graph_snapshot.json
2026/01/10 07:46:25 SNAPSHOT: saved (nodes=2466 edges=3793) -> ./data/graph_snapshot.json
2026/01/10 07:46:30 SNAPSHOT: saved (nodes=2466 edges=3793) -> ./data/graph_snapshot.json
2026/01/10 07:46:35 SNAPSHOT: saved (nodes=2466 edges=3793) -> ./data/graph_snapshot.json
2026/01/10 07:46:40 SNAPSHOT: saved (nodes=2466 edges=3793) -> ./data/graph_snapshot.json
2026/01/10 07:46:45 SNAPSHOT: saved (nodes=2466 edges=3793) -> ./data/graph_snapshot.json
2026/01/10 07:46:50 SNAPSHOT: saved (nodes=2466 edges=3793) -> ./data/graph_snapshot.json
2026/01/10 07:46:55 SNAPSHOT: saved (nodes=2466 edges=3793) -> ./data/graph_snapshot.json
2026/01/10 07:46:58 ingest shutdown signal received
2026/01/10 07:46:58 ingest shutdown complete
2026/01/10 07:46:58 SNAPSHOT: final save ok (nodes=2466 edges=3793)
